{
  "user_name": "budougumi0617",
  "passward": "test"
}