[
  {
    "id": 1,
    "title": "test1",
    "status": "todo"
  },
  {
    "id": 2,
    "title": "test2",
    "status": "done"
  }
]